/* SPDX-License-Identifier: GPL-2.0 */
/* X-SPDX-Copyright-Text: (c) Copyright 2006-2019 Xilinx, Inc. */
{
  global:
    /* symbols we want to intercept */
    setrlimit;
    setrlimit64;
    socket;
    bind;
    listen;
    accept;
    accept4;
    connect;
    shutdown;
    getsockname;
    getpeername;
    getsockopt;
    setsockopt;
    recv;
    recvfrom;
    __recv_chk;
    __recvfrom_chk;
    recvmsg;
    recvmmsg;
    send;
    sendto;
    sendmsg;
    sendmmsg;
    __sendmmsg;
    select;
    pselect;
    poll;
    __poll_chk;
    __ppoll_chk;
    ppoll;
    splice;
    read;
    __read_chk;
    write;
    readv;
    writev;
    close;
    fcntl;
    fcntl64;
    ioctl;
    dup;
    dup2;
    dup3;
    fork;
    vfork;
    open;
    open64;
    creat;
    creat64;
    socketpair;
    pipe;
    pipe2;
    __fxstat;
    __fxstat64;
    fstat;
    fstat64;
    _fxstat;
    setuid;
    chroot;
    execve;
    execv;
    execl;
    execlp;
    execle;
    execvp;
    bproc_move;
    aio_read64;
    aio_read;
    aio_write64;
    aio_write;
    aio_error64;
    aio_error;
    aio_return64;
    aio_return;
    aio_cancel64;
    aio_cancel;
    aio_suspend64;
    aio_suspend;
    lio_listio64;
    lio_listio;
    aio_fsync64;
    aio_fsync;
    aio_connectex;
    aio_acceptex;
    aio_disconnectex;
    epoll_create;
    epoll_create1;
    epoll_ctl;
    epoll_wait;
    epoll_pwait;
    epoll_pwait2;
    syscall;
    _exit;
    sigaction;
    siginterrupt;
    bsd_signal;
    sysv_signal;
    signal;
    __sysv_signal;
    gethostbyname;
    gethostbyaddr;
    sethostent;
    endhostent;
    gethostent;
    gethostbyname2;
    gethostent_r;
    gethostbyaddr_r;
    gethostbyname_r;
    gethostbyname2_r;
    getaddrinfo;
    getnameinfo;
    getaddrinfo_a;
    gai_suspend;

    onload_fd_stat;
    onload_is_present;
    onload_set_stackname;
    onload_stackname_save;
    onload_stackname_restore;
    onload_stack_opt_get_int;
    onload_stack_opt_set_int;
    onload_stack_opt_get_str;
    onload_stack_opt_set_str;
    onload_stack_opt_reset;
    onload_version;
    onload_lib_ext_version;
    onload_zc_await_stack_sync;
    onload_zc_recv;
    onload_zc_send;
    onload_zc_release_buffers;
    onload_zc_alloc_buffers;
    onload_zc_buffer_incref;
    onload_zc_buffer_decref;
    onload_zc_register_buffers;
    onload_zc_unregister_buffers;
    onload_zc_query_rx_memregs;
    onload_set_recv_filter;
    onload_zc_hlrx_alloc;
    onload_zc_hlrx_free;
    onload_zc_hlrx_recv_copy;
    onload_zc_hlrx_recv_zc;
    onload_recvmsg_kernel;
    onload_thread_set_spin;
    onload_thread_get_spin;
    onload_msg_template_alloc;
    onload_msg_template_update;
    onload_msg_template_abort;
    onload_move_fd;
    onload_fd_check_feature;
    onload_ordered_epoll_wait;
    onload_timestamping_request;
    onload_delegated_send_prepare;
    onload_delegated_send_complete;
    onload_delegated_send_cancel;
    oo_raw_send;
    onload_get_tcp_info;
    onload_socket_nonaccel;
    onload_socket_unicast_nonaccel;
  local:
    /* everything else must not be in the dynamic symbol table */
    *;
};
